../Core/Src/main.c:272:9:DebouncedReadButton	16	static
../Core/Src/main.c:283:5:my_random	16	static
../Core/Src/main.c:287:6:randomSeed	16	static
../Core/Src/main.c:291:6:DrawAlien	24	static
../Core/Src/main.c:302:6:DrawUFO	24	static
../Core/Src/main.c:331:5:main	8	static
../Core/Src/main.c:397:6:SystemClock_Config	72	static
../Core/Src/main.c:434:13:MX_I2C1_Init	8	static
../Core/Src/main.c:468:13:MX_TIM2_Init	64	static
../Core/Src/main.c:528:13:MX_GPIO_Init	40	static
../Core/Src/main.c:558:6:Game_Init	8	static
../Core/Src/main.c:577:6:AttractScreen	40	static
../Core/Src/main.c:650:6:Game_Loop	8	static
../Core/Src/main.c:659:6:Physics	8	static
../Core/Src/main.c:669:9:GetScoreForAlien	16	static
../Core/Src/main.c:678:6:MotherShipPhysics	8	static
../Core/Src/main.c:704:6:PlayerControl	16	static
../Core/Src/main.c:721:6:MissileControl	4	static
../Core/Src/main.c:730:6:AlienControl	24	static
../Core/Src/main.c:761:6:MoveBombs	16	static
../Core/Src/main.c:769:6:DropBomb	32	static
../Core/Src/main.c:818:6:BombCollisions	32	static
../Core/Src/main.c:838:6:PlayerHit	8	static
../Core/Src/main.c:845:6:CheckCollisions	8	static
../Core/Src/main.c:851:6:MotherShipCollisions	32	static
../Core/Src/main.c:881:6:MissileAndAlienCollisions	40	static
../Core/Src/main.c:930:9:Collision	24	static
../Core/Src/main.c:935:9:RightMostPos	16	static
../Core/Src/main.c:961:9:LeftMostPos	16	static
../Core/Src/main.c:985:6:UpdateDisplay	80	static
../Core/Src/main.c:1097:6:LoseLife	16	static
../Core/Src/main.c:1115:6:GameOver	32	static
../Core/Src/main.c:1139:6:DisplayPlayerAndLives	56	static
../Core/Src/main.c:1167:6:CentreText	32	static
../Core/Src/main.c:1173:6:NextLevel	24	static
../Core/Src/main.c:1197:6:NewGame	8	static
../Core/Src/main.c:1202:6:InitPlayer	4	static
../Core/Src/main.c:1212:6:InitAliens	24	static
../Core/Src/main.c:1227:9:ReadButton	16	static
../Core/Src/main.c:1232:6:PlayTone	16	static
../Core/Src/main.c:1243:6:PlayShootSound	8	static
../Core/Src/main.c:1247:6:PlayExplosionSound	8	static
../Core/Src/main.c:1253:6:PlayInvaderMoveSound	8	static
../Core/Src/main.c:1263:6:PlayGameOverSound	8	static
../Core/Src/main.c:1271:6:PlayLevelUpSound	8	static
../Core/Src/main.c:1285:6:Error_Handler	4	static,ignoring_inline_asm
