../Core/Src/main.c:272:9:DebouncedReadButton	3
../Core/Src/main.c:283:5:my_random	1
../Core/Src/main.c:287:6:randomSeed	1
../Core/Src/main.c:291:6:DrawAlien	4
../Core/Src/main.c:302:6:DrawUFO	4
../Core/Src/main.c:331:5:main	2
../Core/Src/main.c:397:6:SystemClock_Config	3
../Core/Src/main.c:434:13:MX_I2C1_Init	2
../Core/Src/main.c:468:13:MX_TIM2_Init	6
../Core/Src/main.c:528:13:MX_GPIO_Init	1
../Core/Src/main.c:558:6:Game_Init	1
../Core/Src/main.c:577:6:AttractScreen	12
../Core/Src/main.c:650:6:Game_Loop	2
../Core/Src/main.c:659:6:Physics	2
../Core/Src/main.c:669:9:GetScoreForAlien	5
../Core/Src/main.c:678:6:MotherShipPhysics	7
../Core/Src/main.c:704:6:PlayerControl	7
../Core/Src/main.c:721:6:MissileControl	3
../Core/Src/main.c:730:6:AlienControl	9
../Core/Src/main.c:761:6:MoveBombs	3
../Core/Src/main.c:769:6:DropBomb	11
../Core/Src/main.c:818:6:BombCollisions	6
../Core/Src/main.c:838:6:PlayerHit	1
../Core/Src/main.c:845:6:CheckCollisions	1
../Core/Src/main.c:851:6:MotherShipCollisions	10
../Core/Src/main.c:881:6:MissileAndAlienCollisions	14
../Core/Src/main.c:930:9:Collision	5
../Core/Src/main.c:935:9:RightMostPos	6
../Core/Src/main.c:961:9:LeftMostPos	6
../Core/Src/main.c:985:6:UpdateDisplay	24
../Core/Src/main.c:1097:6:LoseLife	3
../Core/Src/main.c:1115:6:GameOver	2
../Core/Src/main.c:1139:6:DisplayPlayerAndLives	1
../Core/Src/main.c:1167:6:CentreText	1
../Core/Src/main.c:1173:6:NextLevel	2
../Core/Src/main.c:1197:6:NewGame	1
../Core/Src/main.c:1202:6:InitPlayer	1
../Core/Src/main.c:1212:6:InitAliens	3
../Core/Src/main.c:1227:9:ReadButton	1
../Core/Src/main.c:1232:6:PlayTone	2
../Core/Src/main.c:1243:6:PlayShootSound	1
../Core/Src/main.c:1247:6:PlayExplosionSound	1
../Core/Src/main.c:1253:6:PlayInvaderMoveSound	2
../Core/Src/main.c:1263:6:PlayGameOverSound	1
../Core/Src/main.c:1271:6:PlayLevelUpSound	1
../Core/Src/main.c:1285:6:Error_Handler	1
